******************************************************************************
                  TI ARM Linker Unix v20.2.7                   
******************************************************************************
>> Linked Sun Oct  6 14:48:19 2024

OUTPUT FILE NAME:   <Lab2Part1_TivaC.out>
ENTRY POINT SYMBOL: "_c_int00_noargs"  address: 000008e5


MEMORY CONFIGURATION

         name            origin    length      used     unused   attr    fill
----------------------  --------  ---------  --------  --------  ----  --------
  FLASH                 00000000   00040000  000009b6  0003f64a  R  X
  SRAM                  20000000   00008000  00000348  00007cb8  RW X


SEGMENT ALLOCATION MAP

run origin  load origin   length   init length attrs members
----------  ----------- ---------- ----------- ----- -------
00000000    00000000    000009bc   000009bc    r-x
  00000000    00000000    0000026c   0000026c    r-- .intvecs
  0000026c    0000026c    000006ce   000006ce    r-x .text
  00000940    00000940    0000007c   0000007c    r-- .cinit
20000000    20000000    00000348   00000000    rw-
  20000000    20000000    00000200   00000000    rw- .stack
  20000200    20000200    00000148   00000000    rw- .data


SECTION ALLOCATION MAP

 output                                  attributes/
section   page    origin      length       input sections
--------  ----  ----------  ----------   ----------------
.intvecs   0    00000000    0000026c     
                  00000000    0000026c     tm4c123gh6pm_startup_ccs.obj (.intvecs)

.text      0    0000026c    000006ce     
                  0000026c    00000430     main.obj (.text)
                  0000069c    0000009c     rtsv7M4_T_le_v4SPD16_eabi.lib : memcpy_t2.asm.obj (.text)
                  00000738    00000088     PLL.obj (.text)
                  000007c0    00000078     SysTick.obj (.text)
                  00000838    00000068     rtsv7M4_T_le_v4SPD16_eabi.lib : copy_decompress_lzss.c.obj (.text:decompress:lzss:__TI_decompress_lzss)
                  000008a0    00000044                                   : autoinit.c.obj (.text:__TI_auto_init_nobinit_nopinit:__TI_auto_init_nobinit_nopinit)
                  000008e4    00000034                                   : boot_cortex_m.c.obj (.text:_c_int00_noargs:_c_int00_noargs)
                  00000918    0000000e                                   : copy_decompress_none.c.obj (.text:decompress:none:__TI_decompress_none)
                  00000926    0000000c     tm4c123gh6pm_startup_ccs.obj (.text)
                  00000932    00000004     rtsv7M4_T_le_v4SPD16_eabi.lib : pre_init.c.obj (.text:_system_pre_init)
                  00000936    00000004                                   : exit.c.obj (.text:abort:abort)

.cinit     0    00000940    0000007c     
                  00000940    00000069     (.cinit..data.load) [load image, compression = lzss]
                  000009a9    00000003     --HOLE-- [fill = 0]
                  000009ac    00000008     (__TI_handler_table)
                  000009b4    00000008     (__TI_cinit_table)

.init_array 
*          0    00000000    00000000     UNINITIALIZED

.data      0    20000200    00000148     UNINITIALIZED
                  20000200    00000140     main.obj (.data:fsm)
                  20000340    00000008     main.obj (.data)

.stack     0    20000000    00000200     UNINITIALIZED
                  20000000    00000004     rtsv7M4_T_le_v4SPD16_eabi.lib : boot_cortex_m.c.obj (.stack)
                  20000004    000001fc     --HOLE--

__llvm_prf_cnts 
*          0    20000000    00000000     UNINITIALIZED

MODULE SUMMARY

       Module                         code   ro data   rw data
       ------                         ----   -------   -------
    ./
       main.obj                       1072   0         328    
       tm4c123gh6pm_startup_ccs.obj   12     620       0      
       PLL.obj                        136    0         0      
       SysTick.obj                    120    0         0      
    +--+------------------------------+------+---------+---------+
       Total:                         1340   620       328    
                                                              
    /Applications/ti/ccs1280/ccs/tools/compiler/ti-cgt-arm_20.2.7.LTS/lib/rtsv7M4_T_le_v4SPD16_eabi.lib
       memcpy_t2.asm.obj              156    0         0      
       copy_decompress_lzss.c.obj     104    0         0      
       autoinit.c.obj                 68     0         0      
       boot_cortex_m.c.obj            52     0         0      
       copy_decompress_none.c.obj     14     0         0      
       exit.c.obj                     4      0         0      
       pre_init.c.obj                 4      0         0      
    +--+------------------------------+------+---------+---------+
       Total:                         402    0         0      
                                                              
       Stack:                         0      0         512    
       Linker Generated:              0      121       0      
    +--+------------------------------+------+---------+---------+
       Grand Total:                   1742   741       840    


LINKER GENERATED COPY TABLES

__TI_cinit_table @ 000009b4 records: 1, size/record: 8, table size: 8
	.data: load addr=00000940, load size=00000069 bytes, run addr=20000200, run size=00000148 bytes, compression=lzss


LINKER GENERATED HANDLER TABLE

__TI_handler_table @ 000009ac records: 2, size/record: 4, table size: 8
	index: 0, handler: __TI_decompress_lzss
	index: 1, handler: __TI_decompress_none


GLOBAL SYMBOLS: SORTED ALPHABETICALLY BY Name 

address   name                          
-------   ----                          
00000937  C$$EXIT                       
00000467  GoE                           
0000042b  GoN                           
000004df  GoWalkE                       
00000529  GoWalkN                       
00000739  PLL_Init                      
0000026d  PortB_Init                    
000002c1  PortF_Init                    
00000927  ResetISR                      
00000485  SlowE                         
000004c1  SlowEW                        
00000449  SlowN                         
000004a3  SlowNW                        
000007c1  SysTick_Init                  
000007dd  SysTick_Wait                  
00000803  SysTick_Wait10ms              
20000200  __STACK_END                   
00000200  __STACK_SIZE                  
20000200  __STACK_TOP                   
000009b4  __TI_CINIT_Base               
000009bc  __TI_CINIT_Limit              
000009ac  __TI_Handler_Table_Base       
000009b4  __TI_Handler_Table_Limit      
000008a1  __TI_auto_init_nobinit_nopinit
00000839  __TI_decompress_lzss          
00000919  __TI_decompress_none          
ffffffff  __TI_pprof_out_hndl           
ffffffff  __TI_prof_data_size           
ffffffff  __TI_prof_data_start          
00000000  __TI_static_base__            
0000069d  __aeabi_memcpy                
0000069d  __aeabi_memcpy4               
0000069d  __aeabi_memcpy8               
ffffffff  __binit__                     
ffffffff  __c_args__                    
UNDEFED   __mpu_init                    
20000000  __stack                       
20000000  __start___llvm_prf_cnts       
20000000  __stop___llvm_prf_cnts        
000008e5  _c_int00_noargs               
UNDEFED   _system_post_cinit            
00000933  _system_pre_init              
00000937  abort                         
ffffffff  binit                         
00000341  change_state                  
20000344  delay                         
20000200  fsm                           
00000000  g_pfnVectors                  
000005a1  getStateByInput               
00000617  get_switch_input              
0000063b  main                          
0000069d  memcpy                        
000003f7  run                           
00000309  send_bit                      
00000377  set_binary_light              
20000340  state                         
000005d9  sw1_pressed                   
000005f5  sw2_pressed                   
0000060b  sw3_pressed                   


GLOBAL SYMBOLS: SORTED BY Symbol Address 

address   name                          
-------   ----                          
00000000  __TI_static_base__            
00000000  g_pfnVectors                  
00000200  __STACK_SIZE                  
0000026d  PortB_Init                    
000002c1  PortF_Init                    
00000309  send_bit                      
00000341  change_state                  
00000377  set_binary_light              
000003f7  run                           
0000042b  GoN                           
00000449  SlowN                         
00000467  GoE                           
00000485  SlowE                         
000004a3  SlowNW                        
000004c1  SlowEW                        
000004df  GoWalkE                       
00000529  GoWalkN                       
000005a1  getStateByInput               
000005d9  sw1_pressed                   
000005f5  sw2_pressed                   
0000060b  sw3_pressed                   
00000617  get_switch_input              
0000063b  main                          
0000069d  __aeabi_memcpy                
0000069d  __aeabi_memcpy4               
0000069d  __aeabi_memcpy8               
0000069d  memcpy                        
00000739  PLL_Init                      
000007c1  SysTick_Init                  
000007dd  SysTick_Wait                  
00000803  SysTick_Wait10ms              
00000839  __TI_decompress_lzss          
000008a1  __TI_auto_init_nobinit_nopinit
000008e5  _c_int00_noargs               
00000919  __TI_decompress_none          
00000927  ResetISR                      
00000933  _system_pre_init              
00000937  C$$EXIT                       
00000937  abort                         
000009ac  __TI_Handler_Table_Base       
000009b4  __TI_CINIT_Base               
000009b4  __TI_Handler_Table_Limit      
000009bc  __TI_CINIT_Limit              
20000000  __stack                       
20000000  __start___llvm_prf_cnts       
20000000  __stop___llvm_prf_cnts        
20000200  __STACK_END                   
20000200  __STACK_TOP                   
20000200  fsm                           
20000340  state                         
20000344  delay                         
ffffffff  __TI_pprof_out_hndl           
ffffffff  __TI_prof_data_size           
ffffffff  __TI_prof_data_start          
ffffffff  __binit__                     
ffffffff  __c_args__                    
ffffffff  binit                         
UNDEFED   __mpu_init                    
UNDEFED   _system_post_cinit            

[59 symbols]
